Started by user admin
Running as SYSTEM
[Pipeline] Start of Pipeline
[Pipeline] node
Running on agent-01 in /var/lib/jenkins/workspace/my-app
[Pipeline] {
[Pipeline] stage
[Pipeline] { (Checkout)
09:14:01  Checking out from SCM...
09:14:02  Using git plugin
09:14:03  Cloning repository https://github.com/acme/my-app.git
09:14:08  Done checking out
[Pipeline] }
[Pipeline] // stage
[Pipeline] stage
[Pipeline] { (Build)
09:14:10  [INFO] Scanning for projects...
09:14:11  [INFO] Building my-app 2.1.0
09:14:12  [INFO] --- maven-compiler-plugin:3.11.0:compile (default-compile) ---
09:14:12  [WARNING] bootstrap class path not set in conjunction with -source 8
09:14:15  [INFO] Compiling 142 source files to /workspace/target/classes
09:14:20  [ERROR] compilation error: cannot find symbol
09:14:20  [ERROR]     symbol:   method getValue()
09:14:20  [ERROR]     location: class com.acme.model.Config
09:14:21  [ERROR] /workspace/src/main/java/com/acme/service/AppService.java:[55,30] error: cannot find symbol
09:14:21  [INFO] BUILD FAILURE
09:14:21  [INFO] ------------------------------------------------------------------------
09:14:21  BUILD FAILURE
09:14:21  [INFO] Total time: 10.341 s
09:14:21  [ERROR] Failed to execute goal org.apache.maven.plugins:maven-compiler-plugin:3.11.0:compile (default-compile) on project my-app
09:14:22  Could not resolve dependencies for project com.acme:my-app:jar:2.1.0
09:14:22  [INFO] ------------------------------------------------------------------------
[Pipeline] }
[Pipeline] // stage
[Pipeline] stage
[Pipeline] { (Test)
09:14:25  [INFO] --- maven-surefire-plugin:3.1.2:test ---
09:14:26  [INFO] Running com.acme.service.AppServiceTest
09:14:30  Tests run: 47, Failures: 3, Errors: 1, Skipped: 0, Time elapsed: 3.842 s <<< FAILURE!
09:14:30  [ERROR] com.acme.service.AppServiceTest.testInitialization -- Time elapsed: 0.841 s <<< ERROR!
09:14:30  java.lang.NullPointerException: Cannot invoke method getValue()
09:14:30  	at com.acme.service.AppService.init(AppService.java:55)
09:14:30  	at com.acme.service.AppServiceTest.testInitialization(AppServiceTest.java:32)
09:14:31  [ERROR] Tests run: 47, Failures: 3, Errors: 1
09:14:31  BUILD FAILURE
09:14:32  Retrying in 5 seconds...
09:14:37  Retrying in 10 seconds...
[Pipeline] }
[Pipeline] stage
[Pipeline] { (Deploy)
09:15:00  [WARNING] DeprecationWarning: The deploy script uses deprecated API 'kubectl apply --record'
09:15:01  [INFO] Pushing Docker image to registry.acme.com/my-app:2.1.0
09:15:02  [ERROR] Failed to push image: authentication failed for registry.acme.com
09:15:02  401 Unauthorized
09:15:03  [INFO] Retrying push attempt 1/3...
09:15:10  [INFO] Retrying push attempt 2/3...
09:15:18  FAILED exit code 1 -- Docker push failed after 3 retries
[Pipeline] }
09:15:18  Finished: FAILURE
